// Jest Snapshot v1, https://goo.gl/fbAQLP

exports[`Mutation create WeChatUser 1`] = `
Object {
  "data": Object {
    "CreateWeChatUsers": Object {
      "id": "0",
    },
  },
}
`;

exports[`Mutation create WeChatUser Fail No WeChat 1`] = `
Object {
  "data": null,
  "errors": Array [
    [GraphQLError: No WeChat],
  ],
}
`;
