// Jest Snapshot v1, https://goo.gl/fbAQLP

exports[`Mutation create ChatRoom 1`] = `
Object {
  "data": Object {
    "CreateChatRooms": Object {
      "id": "0",
    },
  },
}
`;

exports[`Mutation create ChatRoom 2`] = `
Array [
  Object {
    "displayName": "",
    "id": "0",
    "memberList": Array [
      Object {
        "id": "0",
      },
      Object {
        "id": "1",
      },
    ],
    "modifyTime": "2015-04-24T16:51:14.743Z",
    "nickname": "",
    "owner": Object {
      "id": "0",
    },
    "username": "b@chatroom",
  },
  Object {
    "avatar": Object {
      "id": "0",
    },
    "displayName": "cccc",
    "id": "1",
    "memberList": Array [
      Object {
        "id": "0",
      },
      Object {
        "id": "1",
      },
    ],
    "modifyTime": 2019-04-24T16:51:14.743Z,
    "nickname": "bbbb",
    "owner": Object {
      "connect": Object {
        "id": "0",
      },
    },
    "username": "aaaa@chatroom",
  },
]
`;

exports[`Mutation create ChatRoom 3`] = `
Array [
  Object {
    "bigImg": Object {
      "id": "1",
    },
    "id": "0",
    "thumbnailImg": Object {
      "id": "0",
    },
  },
]
`;

exports[`Mutation create WeChatUser Fail No WeChat 1`] = `
Object {
  "data": null,
  "errors": Array [
    [GraphQLError: No WeChat],
  ],
}
`;
